PASS S7 R2 coeff of ell/2 = 18.75/6.75*0.76       2.111111111111111
PASS S1 R2 = 0.175926 r^3 (ledger 0.1759)         0.17592592592592593
PASS S1 misprint reading (9-6.25) would give      0.4318
PASS S2 rung table truth<ub, truth/r^3 prints consistent 12/12
PASS S2 truth successive slopes min/max (noisy)   (0.891, 2.069)
PASS S2 truth decade slope r=0.05->0.0025         1.453
PASS S2 ub    decade slope r=0.05->0.0025         1.5573
PASS S2 truth/r^3 grows across decade x           103.0
PASS S2 ub/r^1.6 on [0.0025,0.0125] in            (0.004572, 0.005102)
PASS S3 envelope 5.5e-3 r^1.6 / ub margins in     (1.0781, 1.3674)
PASS S3 min margin at rung r =                    0.0125
PASS S5 AO0*c_L (measured) =                      0.9144036
PASS S4 r0=0.05    WPenv=4.557e-05 R2=2.199e-05  AO>=0.966532  c(meas cL)=0.914340  c(floor cL)=0.869976
PASS S4 r0=0.025   WPenv=1.503e-05 R2=2.748e-06  AO>=0.966582  c(meas cL)=0.914387  c(floor cL)=0.870021
PASS S4 r0=0.0125  WPenv=4.959e-06 R2=3.436e-07  AO>=0.966595  c(meas cL)=0.914399  c(floor cL)=0.870032
PASS S4 r0=0.005   WPenv=1.145e-06 R2=2.199e-08  AO>=0.966599  c(meas cL)=0.914402  c(floor cL)=0.870036
PASS S4 r0=0.0025  WPenv=3.776e-07 R2=2.748e-09  AO>=0.966600  c(meas cL)=0.914403  c(floor cL)=0.870036
PASS S4 WP budget at r0=0.05, a0=0.90:            0.066578
PASS S4 admissible inflation of WP envelope (x):  1460.9
PASS S4 theorem-tier P0=0.0001 -> r0 <= 0.01173 makes WP <= AO0/2 0.01173
PASS S4 theorem-tier P0=1e-06 -> r0 <= 0.00066 makes WP <= AO0/2 0.00066
PASS S6 ell/2<=0.05 for r <=                      0.8434
PASS S6 far density proxy p_bar(0.05)/0.05 =      0.6679999999999999
PASS S5b c at r0=0.05 with falsified WP=0.213r^3: 0.91435761
PASS S5b c at r0=0.05 with WP=r^1.6 envelope  :   0.91433969
PASS S5b |Delta c| between the two WP forms:      1.7925510630512065e-05
ALL W10 SANITY CHECKS PASS
