=== A0 receipts (starting record; labels/receipts section at end) ===
receipt WO-063: e699bf44b7b84fca88faa2b509c1686ea9f8e500aee0dbe618c859b5ec5ad2e2
receipt C022: 9bc0647b885931ba4dc862bedfb879f9bd12c4cd6d39f51c6e98e54c7f75d5cb
receipt c022fd: 394a95990644cd49221a894e2b3a5954a01dad70142f75c49f0cd6ffe9b3290a
receipt DER027a-md: 992f00d5bbcd897b7fbe21779bc0c212dafe75a4354d8c85105e58c6d3a8f448
receipt DER027a-py: e898527dc10ad01e50d1e457c8e7166f7744e7f606d0f435deb5557a89539e6f
receipt DER027a-out: 266b0f442b323598b28bd08fa1f96e5201e186fa8e18429219d2484bc7087beb
receipt DER027a-Oout: 266b0f442b323598b28bd08fa1f96e5201e186fa8e18429219d2484bc7087beb
PASS  A0: WO-063 hash echoes task statement
PASS  A0: C022 hash echoes task statement prefix
PASS  A0: DER-027a transcripts byte-identical (receipt check)
=== A1 spectral lattice, normalization, certified tails (recompute) ===
lattice points: 41277  Z30 = 91.67324722093171340287705
Z_inf (independent Poisson identity) = 91.67324722093171340287705  Z_inf - Z30 = -5.39761e-79
PASS  A1: certified tail T_0/Z30 < 1e-60 (recompute)
PASS  A1: certified tail below recorded 4.4e-185
PASS  A1: Z30 consistent with independent Poisson identity to 1e-76 (dps-80 pi-ulp scale; T_0 = 2.8e-194)
T_0/Z30 = 3.0169394e-196
=== A2 wrapped kernel, image remainders, cross-representation checks (recompute) ===
spectral vs wrapped diff at (3.0,0.7) order (0,0) = 2.61908e-81
PASS  A2: cross-representation agreement < 1e-50 at (3.0,0.7) (0,0)
spectral vs wrapped diff at (5.1,-2.2) order (1,0) = 7.91377e-83
PASS  A2: cross-representation agreement < 1e-50 at (5.1,-2.2) (1,0)
spectral vs wrapped diff at (2.9,4.4) order (0,1) = 4.62556e-83
PASS  A2: cross-representation agreement < 1e-50 at (2.9,4.4) (0,1)
max |dC(0) - exact double-factorial moments| = 0.0
PASS  A2: origin moments match EXACT double-factorial values
=== A3 pin Gram matrices (recompute) with certified lambda_min and inverse ===
7-pin r=1/20: lambda_hat=2.5677067e-10 epsM=9.58778e-61
PASS  A3: G certified PD (7-pin r=1/20)
PASS  A3: recomputed lambda_hat matches DER-027a anchor (7-pin r=1/20)
PASS  A3: inverse residual within 10x of DER-027a anchor (7-pin)
7-pin r=1/40: lambda_hat=4.7566847e-12 epsM=3.76507e-58
PASS  A3: G certified PD (7-pin r=1/40)
PASS  A3: recomputed lambda_hat matches DER-027a anchor (7-pin r=1/40)
PASS  A3: inverse residual within 10x of DER-027a anchor (7-pin)
6-pin r=1/20: lambda_hat=3.255206e-10 epsM=7.08626e-61
PASS  A3: G certified PD (6-pin r=1/20)
PASS  A3: recomputed lambda_hat matches DER-027a anchor (6-pin r=1/20)
PASS  A3: inverse residual within 10x of DER-027a anchor (6-pin)
6-pin r=1/40: lambda_hat=5.0862628e-12 epsM=4.86464e-58
PASS  A3: G certified PD (6-pin r=1/40)
PASS  A3: recomputed lambda_hat matches DER-027a anchor (6-pin r=1/40)
PASS  A3: inverse residual within 10x of DER-027a anchor (6-pin)
=== A4 Hermite-exact kernel bounds, Schur-complement moments, envelope (recompute) ===
7-pin r=1/20: cWerr=2.19683e-60 rhoc=0.0641327
PASS  A4: moment certification error < 1e-40 (7-pin r=1/20)
7-pin r=1/40: cWerr=8.62686e-58 rhoc=0.0320663
PASS  A4: moment certification error < 1e-40 (7-pin r=1/40)
6-pin r=1/20: cWerr=1.22738e-60 rhoc=0.025
PASS  A4: moment certification error < 1e-40 (6-pin r=1/20)
6-pin r=1/40: cWerr=8.4258e-58 rhoc=0.0125
PASS  A4: moment certification error < 1e-40 (6-pin r=1/40)
7-pin r=1/20: E(3)=0.120636 E(5)=1.39668e-7 E(6.1)=1.94556e-12 monotone=True
PASS  A4: envelope certified non-increasing on [3,12] (7-pin r=1/20)
7-pin r=1/40: E(3)=0.0889299 E(5)=1.00622e-7 E(6.1)=1.47845e-12 monotone=True
PASS  A4: envelope certified non-increasing on [3,12] (7-pin r=1/40)
6-pin r=1/20: E(3)=0.054122 E(5)=6.41325e-8 E(6.1)=9.04863e-13 monotone=True
PASS  A4: envelope certified non-increasing on [3,12] (6-pin r=1/20)
6-pin r=1/40: E(3)=0.0540736 E(5)=6.5748e-8 E(6.1)=1.0138e-12 monotone=True
PASS  A4: envelope certified non-increasing on [3,12] (6-pin r=1/40)
=== A5 interval-grade certified suprema (box mean-value enclosures; no heuristic pads) ===
IB 7-pin r=1/20 d=3.0: box_sup_hi=2.090328e-02 center=1.746367e-02 E_beyond=4.496e-5 certified=0.0209033
IB 7-pin r=1/20 d=5.0: box_sup_hi=3.806521e-08 center=2.889095e-08 E_beyond=1.939e-13 certified=3.80652e-8
IB 7-pin r=1/20 d=6.1: box_sup_hi=6.104596e-13 center=4.017745e-13 E_beyond=1.373e-19 certified=6.1046e-13
IB 7-pin r=1/40 d=3.0: box_sup_hi=2.167509e-02 center=1.864223e-02 E_beyond=3.238e-5 certified=0.0216751
IB 7-pin r=1/40 d=5.0: box_sup_hi=4.200044e-08 center=3.350132e-08 E_beyond=1.507e-13 certified=4.20004e-8
IB 7-pin r=1/40 d=6.1: box_sup_hi=7.038711e-13 center=5.118770e-13 E_beyond=1.398e-19 certified=7.03871e-13
IB 6-pin r=1/20 d=3.0: box_sup_hi=2.014572e-02 center=1.775487e-02 E_beyond=2.047e-5 certified=0.0201457
IB 6-pin r=1/20 d=5.0: box_sup_hi=3.560264e-08 center=2.990940e-08 E_beyond=9.039e-14 certified=3.56026e-8
IB 6-pin r=1/20 d=6.1: box_sup_hi=5.467726e-13 center=4.393962e-13 E_beyond=6.523e-20 certified=5.46773e-13
IB 6-pin r=1/40 d=3.0: box_sup_hi=2.155012e-02 center=1.908281e-02 E_beyond=2.062e-5 certified=0.0215501
IB 6-pin r=1/40 d=5.0: box_sup_hi=4.077694e-08 center=3.418901e-08 E_beyond=1.045e-13 certified=4.07769e-8
IB 6-pin r=1/40 d=6.1: box_sup_hi=6.565561e-13 center=5.271153e-13 E_beyond=1.046e-19 certified=6.56556e-13
PASS  A5: IB certified d=3 <= 2.24% (7-pin r=1/20)
PASS  A5: IB certified d=3 <= 2.24% (7-pin r=1/40)
PASS  A5: IB certified d=5 <= 1e-4 (7-pin r=1/20)
PASS  A5: IB certified d=6.1 <= 7.5e-13 (7-pin r=1/20)
PASS  A5: IB certified d=5 <= 1e-4 (7-pin r=1/40)
PASS  A5: IB certified d=6.1 <= 7.5e-13 (7-pin r=1/40)
PASS  A5: IB certified d=5 <= 1e-4 (6-pin r=1/20)
PASS  A5: IB certified d=6.1 <= 7.5e-13 (6-pin r=1/20)
PASS  A5: IB certified d=5 <= 1e-4 (6-pin r=1/40)
PASS  A5: IB certified d=6.1 <= 7.5e-13 (6-pin r=1/40)
consistency d=3 7-pin r=1/20: old_cert=0.0194319 new_cert=0.0209033 new_lo=0.0174637 dev=0.07572
PASS  A5: IB lower bound below DER-027a certificate (d=3 7-pin r=1/20)
PASS  A5: IB certificate dominates its lower bound (d=3)
consistency d=3 7-pin r=1/40: old_cert=0.0204043 new_cert=0.0216751 new_lo=0.0186422 dev=0.06228
PASS  A5: IB lower bound below DER-027a certificate (d=3 7-pin r=1/40)
PASS  A5: IB certificate dominates its lower bound (d=3)
consistency d=3 6-pin r=1/20: old_cert=0.0193899 new_cert=0.0201457 new_lo=0.0177549 dev=0.03898
PASS  A5: IB lower bound below DER-027a certificate (d=3 6-pin r=1/20)
PASS  A5: IB certificate dominates its lower bound (d=3)
consistency d=3 6-pin r=1/40: old_cert=0.0203911 new_cert=0.0215501 new_lo=0.0190828 dev=0.05684
PASS  A5: IB lower bound below DER-027a certificate (d=3 6-pin r=1/40)
PASS  A5: IB certificate dominates its lower bound (d=3)
consistency d=5 7-pin r=1/20: old_cert=3.45513e-8 new_cert=3.80652e-8 new_lo=2.8891e-8 dev=0.1017
PASS  A5: IB lower bound below DER-027a certificate (d=5 7-pin r=1/20)
PASS  A5: IB certificate dominates its lower bound (d=5)
consistency d=5 7-pin r=1/40: old_cert=3.81227e-8 new_cert=4.20004e-8 new_lo=3.35013e-8 dev=0.1017
PASS  A5: IB lower bound below DER-027a certificate (d=5 7-pin r=1/40)
PASS  A5: IB certificate dominates its lower bound (d=5)
consistency d=5 6-pin r=1/20: old_cert=3.43132e-8 new_cert=3.56026e-8 new_lo=2.99094e-8 dev=0.03758
PASS  A5: IB lower bound below DER-027a certificate (d=5 6-pin r=1/20)
PASS  A5: IB certificate dominates its lower bound (d=5)
consistency d=5 6-pin r=1/40: old_cert=3.80577e-8 new_cert=4.07769e-8 new_lo=3.4189e-8 dev=0.07145
PASS  A5: IB lower bound below DER-027a certificate (d=5 6-pin r=1/40)
PASS  A5: IB certificate dominates its lower bound (d=5)
consistency d=6.1 7-pin r=1/20: old_cert=5.28475e-13 new_cert=6.1046e-13 new_lo=4.01775e-13 dev=0.1551
PASS  A5: IB lower bound below DER-027a certificate (d=6.1 7-pin r=1/20)
PASS  A5: IB certificate dominates its lower bound (d=6.1)
consistency d=6.1 7-pin r=1/40: old_cert=5.96702e-13 new_cert=7.03871e-13 new_lo=5.11877e-13 dev=0.1796
PASS  A5: IB lower bound below DER-027a certificate (d=6.1 7-pin r=1/40)
PASS  A5: IB certificate dominates its lower bound (d=6.1)
consistency d=6.1 6-pin r=1/20: old_cert=5.22296e-13 new_cert=5.46773e-13 new_lo=4.39396e-13 dev=0.04686
PASS  A5: IB lower bound below DER-027a certificate (d=6.1 6-pin r=1/20)
PASS  A5: IB certificate dominates its lower bound (d=6.1)
consistency d=6.1 6-pin r=1/40: old_cert=5.95071e-13 new_cert=6.56556e-13 new_lo=5.27115e-13 dev=0.1033
PASS  A5: IB lower bound below DER-027a certificate (d=6.1 6-pin r=1/40)
PASS  A5: IB certificate dominates its lower bound (d=6.1)
=== A6 genuine uniform continuation attempt (jet frame, N=8, K'=4) ===
jet Gram lambda_min certified: 0.038445036  ( 45 jets )
PASS  A6: jet Gram certified PD
jet ensemble: epsM=9.01418e-69 cWerr=4.33897e-65
jet spectral Lipschitz: max_q Lam_q = 1.4878  mean = 0.9064
jet ensemble E_J(3.0) = 0.612786 (lo 5.0864e-01)
jet ensemble E_J(4.0) = 0.140987 (lo 1.3181e-02)
jet ensemble E_J(5.0) = 0.140497 (lo 0.0000e+00)
jet ensemble E_J(6.1) = 0.139523 (lo 0.0000e+00)
jet ensemble E_J(8.0) = 0.140497 (lo 0.0000e+00)
PASS  A6: jet certificates non-increasing in d
7-pin: scaled realization sigma_min(At) >= 0.035914576
PASS  A6: pin realization map full rank at K'=4 (7-pin)
7-pin: cres(1/20)=2.98557e-13 tau(1/20)=6.78354e-6
PASS  A6: tau(1/20) < 1 -> uniform continuation valid on (0, 1/20] (7-pin)
7-pin r=1/20 d=3.0: E_unif=0.612804 IB cert=0.0209033 IB lo=0.0174637 dominates_lo=True
PASS  A6: uniform bound dominates exact-rung lower bound (7-pin r=1/20 d=3.0)
7-pin r=1/20 d=5.0: E_unif=0.140504 IB cert=3.80652e-8 IB lo=2.8891e-8 dominates_lo=True
PASS  A6: uniform bound dominates exact-rung lower bound (7-pin r=1/20 d=5.0)
7-pin r=1/20 d=6.1: E_unif=0.13953 IB cert=6.1046e-13 IB lo=4.01775e-13 dominates_lo=True
PASS  A6: uniform bound dominates exact-rung lower bound (7-pin r=1/20 d=6.1)
7-pin r=1/40 d=3.0: E_unif=0.612786 IB cert=0.0216751 IB lo=0.0186422 dominates_lo=True
PASS  A6: uniform bound dominates exact-rung lower bound (7-pin r=1/40 d=3.0)
7-pin r=1/40 d=5.0: E_unif=0.140498 IB cert=4.20004e-8 IB lo=3.35013e-8 dominates_lo=True
PASS  A6: uniform bound dominates exact-rung lower bound (7-pin r=1/40 d=5.0)
7-pin r=1/40 d=6.1: E_unif=0.139523 IB cert=7.03871e-13 IB lo=5.11877e-13 dominates_lo=True
PASS  A6: uniform bound dominates exact-rung lower bound (7-pin r=1/40 d=6.1)
7-pin: measured lambda_min(G(r)) exponent ~ r^5.754 (rank drop at r=0: 7 pins -> 3 independent functionals)
7-pin: E_J(3)=0.612786 E_unif(3;1/20)=0.612804 E_unif(6.1;1/20)=0.13953
PASS  A6: uniform envelope non-increasing in d on [3,12] at r=1/20 (7-pin)
7-pin: E_unif(12;1/20)=0.13953
6-pin: scaled realization sigma_min(At) >= 0.052397716
PASS  A6: pin realization map full rank at K'=4 (6-pin)
6-pin: cres(1/20)=3.23263e-14 tau(1/20)=5.03436e-7
PASS  A6: tau(1/20) < 1 -> uniform continuation valid on (0, 1/20] (6-pin)
6-pin r=1/20 d=3.0: E_unif=0.612787 IB cert=0.0201457 IB lo=0.0177549 dominates_lo=True
PASS  A6: uniform bound dominates exact-rung lower bound (6-pin r=1/20 d=3.0)
6-pin r=1/20 d=5.0: E_unif=0.140498 IB cert=3.56026e-8 IB lo=2.99094e-8 dominates_lo=True
PASS  A6: uniform bound dominates exact-rung lower bound (6-pin r=1/20 d=5.0)
6-pin r=1/20 d=6.1: E_unif=0.139523 IB cert=5.46773e-13 IB lo=4.39396e-13 dominates_lo=True
PASS  A6: uniform bound dominates exact-rung lower bound (6-pin r=1/20 d=6.1)
6-pin r=1/40 d=3.0: E_unif=0.612786 IB cert=0.0215501 IB lo=0.0190828 dominates_lo=True
PASS  A6: uniform bound dominates exact-rung lower bound (6-pin r=1/40 d=3.0)
6-pin r=1/40 d=5.0: E_unif=0.140497 IB cert=4.07769e-8 IB lo=3.4189e-8 dominates_lo=True
PASS  A6: uniform bound dominates exact-rung lower bound (6-pin r=1/40 d=5.0)
6-pin r=1/40 d=6.1: E_unif=0.139523 IB cert=6.56556e-13 IB lo=5.27115e-13 dominates_lo=True
PASS  A6: uniform bound dominates exact-rung lower bound (6-pin r=1/40 d=6.1)
6-pin: measured lambda_min(G(r)) exponent ~ r^6.0 (rank drop at r=0: 6 pins -> 3 independent functionals)
6-pin: E_J(3)=0.612786 E_unif(3;1/20)=0.612787 E_unif(6.1;1/20)=0.139523
PASS  A6: uniform envelope non-increasing in d on [3,12] at r=1/20 (6-pin)
6-pin: E_unif(12;1/20)=0.139523
=== A7 value-law channel (6-pin) and v*=-1/2 isolation (interval grade) ===
6-pin r=1/20 d=3.0: IB certified |mu| sup = 0.167962
6-pin r=1/20 d=5.0: IB certified |mu| sup = 0.000200754
6-pin r=1/40 d=3.0: IB certified |mu| sup = 0.178056
6-pin r=1/40 d=5.0: IB certified |mu| sup = 0.00022792
6-pin r=1/20: TV_envelope(3)=0.116946 TV_envelope(5)=0.000103128 TV_envelope(6.1)=3.77634e-7 monotone=True | TV_knot(3)=0.0818112 TV_knot(5)=8.01018e-5
PASS  A7: full one-point-law TV bound non-increasing on [3,12] (6-pin r=1/20)
PASS  A7: TV bound at d=5 <= 1e-4 (6-pin r=1/20, IB knot)
6-pin r=1/40: TV_envelope(3)=0.116888 TV_envelope(5)=0.000104207 TV_envelope(6.1)=3.96458e-7 monotone=True | TV_knot(3)=0.0859363 TV_knot(5)=9.09398e-5
PASS  A7: full one-point-law TV bound non-increasing on [3,12] (6-pin r=1/40)
PASS  A7: TV bound at d=5 <= 1e-4 (6-pin r=1/40, IB knot)
ISOLATION 7-pin v*=-1/2 r=1/20 d=5: certified |mu| sup = 1.24362 (center 1.2438e+00, argmax cand (4.995867325020704, 2.0129464039667933))
PASS  A7: certified violation of value-law stabilization (r=1/20)
ISOLATION 7-pin v*=-1/2 r=1/40 d=5: certified |mu| sup = 5.11551 (center 5.1158e+00, argmax cand (4.967933662510352, 1.6871516102611852))
PASS  A7: certified violation of value-law stabilization (r=1/40)
=== A8 mutation tests ===
M1: variance channel under value mutation (v* -1/2 -> -0.4, b 6/5 -> 1.3): max dev = 0.000e+00
PASS  A8-M1: variance channel bitwise-invariant under pin-value mutation
M2: d=3 7-pin r=1/20 coarse cert=0.0235159 fine cert=0.0209033
PASS  A8-M2: refinement does not increase certified sup
M3: corrupted-kernel cross-check residual = 0.0173901 (must exceed 1e-50 to be caught)
PASS  A8-M3: sign-flip mutation is caught by the cross-representation check
PASS  A8-M4: 1e-3-scaled envelope mutant fails the dominance check (as required)
M4: mutant E(3)x1e-3 = 0.000120636 < IB cert 0.0209033 -> mutant rejected
=== A9 exact valid-scope table ===
SCOPE C1 variance deviation Delta_bar(d) <= E(d), monotone in d
   d-range: d in [3,12], d0=3
   r-range: r in {1/20,1/40} exact + uniform (0,1/20] via A6
   conditioning: 7-pin (f,grad at M,S; f at Y), ANY pinned values
   evidence tier: IB at knots {3,5,6.1} + DPS80 envelope between
SCOPE C2 variance floor Var >= 0.979
   d-range: d >= 3
   r-range: r in {1/20,1/40} exact; (0,1/20] via A6 dominance
   conditioning: 7-pin, any values
   evidence tier: IB (max over rungs of certified Delta_bar(3))
SCOPE C3 recorded constants 2.24% @3, 1e-4 @5, 7.5e-13 @6.1
   d-range: d in {3,5,6.1}
   r-range: r in {1/20,1/40} exact rungs
   conditioning: 7-pin (values-independent)
   evidence tier: IB (interval box enclosures)
SCOPE C4 full one-point-law TV bound T_bar(d), monotone
   d-range: d in [3,12]
   r-range: r in {1/20,1/40} exact
   conditioning: 6-pin with EXACT values beta=(6/5, b-r^3/6)
   evidence tier: DPS80 envelope; IB |mu| sup at d=3,5
SCOPE C5 recorded value law 7.7e-5/8.1e-5 @ d=5
   d-range: d=5
   r-range: r=1/20 / r=1/40 exact
   conditioning: 6-pin exact beta
   evidence tier: IB |mu| sup + exact TV at argmax (DPS80)
SCOPE C6 v*=-1/2 isolation: value-law stabilization FAILS
   d-range: d=5 (counterexample)
   r-range: r in {1/20,1/40}
   conditioning: 7-pin with tasked v*=-1/2 at Y
   evidence tier: IB certified |mu| sup > 0.1
SCOPE C7 uniform continuation E_unif(d;r) <= [ (sqrt(E_J(d))+tau)/(1-tau) ]^2
   d-range: d in [3,12]
   r-range: ALL r in (0,1/20] (tau(1/20)<1 certified)
   conditioning: 7-pin and 6-pin families, any values (variance channel)
   evidence tier: DPS80 certified (jet frame N=8 K'=4)
=== A10 precision labels & receipts (separate section) ===
LABELS: EXACT (structural constants: pi/12 lattice, rungs 1/20,1/40, b=6/5, Y=(-63/50,6/25)r,
 v*=-1/2, double-factorial jet moments, Hermite integer coefficients);
 DPS80 (mpmath dps-80 with certified residual bounds: lambda_hat, epsM, cWerr, tails, envelopes);
 IB (interval box enclosures: every error term derived - Lipschitz from certified Bker,
 coefficient intervals cWerr, tails R, inverse residual epsM, float64 center rounding bound);
 F64 (float64 center values; never load-bearing without IB half-widths).
receipt WO-063: e699bf44b7b84fca88faa2b509c1686ea9f8e500aee0dbe618c859b5ec5ad2e2
receipt C022: 9bc0647b885931ba4dc862bedfb879f9bd12c4cd6d39f51c6e98e54c7f75d5cb
receipt c022fd: 394a95990644cd49221a894e2b3a5954a01dad70142f75c49f0cd6ffe9b3290a
receipt DER027a-md: 992f00d5bbcd897b7fbe21779bc0c212dafe75a4354d8c85105e58c6d3a8f448
receipt DER027a-py: e898527dc10ad01e50d1e457c8e7166f7744e7f606d0f435deb5557a89539e6f
receipt DER027a-out: 266b0f442b323598b28bd08fa1f96e5201e186fa8e18429219d2484bc7087beb
receipt DER027a-Oout: 266b0f442b323598b28bd08fa1f96e5201e186fa8e18429219d2484bc7087beb
=== SUMMARY ===
ALL CHECKS PASS
audit_scope_027a_v1: scope audit complete; see audit_scope_027a_v1_report.md for the proof text.
