verify_lambda_grid_v2.py  (K3 SWARM Phase 3 LAMBDA-side / DER-027b successor)
object: r->0 limit window-integral intensity lambda(y) over arch lobes
exact-rung label: rung anchors r in {1/20, 1/40} are measured-grade (C020/C021);
this certificate evaluates the r->0 limit functional of C026/C027 (EXACT Laurent series).
all constants decimal-dps-70 unless labelled EXACT
== input integrity (sha256 labels) ==
  archived C027 sweep core40.json sha256: 0003756d4075bbfa881edfeac68d6cca7242c54cee2c551f2814fd57759b4c18
  archived input hash matches embedded label
  certificate script sha256: fc21c6b462412c20f7c1deb119d83cfb45212ec5ba86de14908b51fd75d1f47c
== P0 kernel lattice-moment certificate (decimal-dps-70) ==
work order sha256: e699bf44b7b84fca88faa2b509c1686ea9f8e500aee0dbe618c859b5ec5ad2e2
  B_0 lattice 1.0  continuum 1.0  |diff| 0.000e+00
  B_1 lattice 1.2526577593204423917  continuum 1.2533141373155002512  |diff| 6.564e-04
  B_2 lattice 2.0  continuum 2.0  |diff| 1.141e-69
  B_3 lattice 3.7599482760979280265  continuum 3.7599424119465007536  |diff| 5.864e-06
  B_4 lattice 8.0  continuum 8.0  |diff| 4.781e-69
  B_5 lattice 18.799711833689593708  continuum 18.799712059732503768  |diff| 2.260e-07
  B_6 lattice 48.0  continuum 48.0  |diff| 6.085e-68
  spectral tail bound (|k|>30, moments to order 6): 2.870e-182
== DEN closed form (decimal-dps-70) ==
  DEN = 3.230978535287004948096246569018163150765
  engine DEN constant matches to 30 digits
== cross-validation vs archived C027 sweep core40 (12 stations) ==
  (-17/20,3/20): engine 0.0118200736627421 archived 0.0118200719626562 rel 1.438e-07
  (-33/40,11/40): engine 4.02343151382456 archived 4.0234309351328 rel 1.438e-07
  (-4/5,2/5): engine 1.89423953740654 archived 1.89423926495732 rel 1.438e-07
  max rel diff 1.438e-07 (archived DEN truncation 1.44e-7 accounted)
== mirror symmetry y2 -> -y2 (3 pairs) ==
  (-17/20,3/20): 0.0118200736627 vs 0.0118200736627  |diff| 0.000e+00
  (-1/2,2/5): 0.21357617944 vs 0.21357617944  |diff| 0.000e+00
  (-3/2,1/5): 0.0 vs 0.0  |diff| 0.000e+00
== grid of record sweep (exact J2 jets, allowance 1e-12) ==
  region C h=1/20 cells=4 typed=4 boundary=4 kink=0 deep=0 Q3max=0.0 Jmax=1.0287005e-11
  region M h=1/10 cells=78 typed=78 boundary=78 kink=58 deep=0 Q3max=7091.1085 Jmax=7.6888639
