KNOWN  artifact_index: duplicate key 'GP-DER-118-v1.2' at rows 92 and 95
KNOWN  artifact_index: duplicate key 'GP-AUD-119-v1.0' at rows 93 and 96
KNOWN  artifact_index: duplicate key 'GP-PRP-121-v1.1' at rows 94 and 97
KNOWN  artifact_index: duplicate key 'GP-AUD-144-v1.0' at rows 136 and 139
KNOWN  artifact_index: duplicate key 'GP-DER-143-v1.1' at rows 137 and 142
KNOWN  artifact_index: duplicate key 'GP-REQ-144-v1.1' at rows 138 and 143
KNOWN  artifact_index: duplicate key 'GP-DATA-168-v1.1' at rows 231 and 240
KNOWN  artifact_index: duplicate key 'LS-AUD-002-v1.0' at rows 248 and 253
KNOWN  artifact_index: duplicate key 'LS-COR-001-v1.0' at rows 249 and 254
KNOWN  artifact_index: duplicate key 'LS-AUD-003-v1.0' at rows 250 and 255
KNOWN  artifact_index: duplicate key 'GP-REQ-194-v1.0' at rows 325 and 373
KNOWN  artifact_index: duplicate key 'LS-MAN-045-v1.0' at rows 544 and 545
KNOWN  definitions: duplicate key 'DEF-049' at rows 48 and 50
KNOWN  evidence_lineage: duplicate key 'EV-LS-REQ030' at rows 385 and 386
KNOWN  relations: duplicate key 'REL-036' at rows 35 and 39
KNOWN  relations: duplicate key 'REL-037' at rows 36 and 40
KNOWN  relations: duplicate key 'REL-038' at rows 37 and 41
KNOWN  relations: duplicate key 'REL-039' at rows 38 and 42
KNOWN  relations: duplicate key 'REL-040' at rows 43 and 44
KNOWN  relations: duplicate key 'REL-048' at rows 52 and 58
KNOWN  relations: duplicate key 'REL-049' at rows 53 and 59
KNOWN  relations: duplicate key 'REL-132' at rows 138 and 141
KNOWN  relations: duplicate key 'REL-133' at rows 139 and 142
KNOWN  relations: duplicate key 'REL-134' at rows 140 and 143
KNOWN  relations: duplicate key 'REL-EC021-CLS141' at rows 232 and 235
KNOWN  review_ledger: duplicate key 'REV-P12-GP-006' at rows 15 and 17
KNOWN  review_ledger: duplicate key 'REV-P02-GP-INTERVAL-001' at rows 19 and 21
KNOWN  transition_log: duplicate key 'TR-P12-007' at rows 10 and 12
KNOWN  transition_log: duplicate key 'TR-P02-011' at rows 18 and 19
KNOWN  transition_log: duplicate key 'TR-P02-013' at rows 22 and 23
KNOWN  transition_log: duplicate key 'TR-P01-006' at rows 46 and 47
KNOWN  transition_log: duplicate key 'TR-P01-011' at rows 54 and 55
KNOWN  transition_log: duplicate key 'TR-P01-011' at rows 54 and 56
KNOWN  transition_log: duplicate key 'TR-P01-012' at rows 57 and 58
KNOWN  quarantine_index: row 14 class 'EXISTING_CONTAINER' not in R17 table
KNOWN  quarantine_index: row 15 class 'EXISTING_CONTAINER' not in R17 table
KNOWN  quarantine_index: row 16 class 'EXISTING_CONTAINER' not in R17 table
tabs=44 problems=37 known=37 new=0 observations=5 bindings=45 unbound=0
