items=4934 files=4176 folders=758 bytes=593,007,393
paths overlaid from drive/deltas: 238 items moved or renamed after the snapshot (2026-09-18); ids and digests unchanged; --snapshot shows the export

by lane (top-level path):
   3408  01_ACTIVE_RESEARCH_PACKAGES
    414  07_MODEL_ACCESSIBILITY — READING COPIES AND SOURCE MAP
    377  04_ACTIVE_GOVERNANCE_AND_DIRECTIVES
    346  02_LEGACY_Q0_ARCHIVE — INSPIRATION ONLY 
    193  90_QUARANTINE_AND_TRIAGE — NONAUTHORITATIVE
    157  05_FOUNDATIONS_AND_PROTOCOL_HISTORY — FRESH START 2.0
     23  03_PERSONAL_AND_EARLIER_RESEARCH — ZERO EVIDENTIARY AUTHORITY
      6  drive
      3  00_START_HERE — RESEARCH HOME
      2  06_SANDBOX_FRONTIER — DRAFTS_NO_AUTHORITY
      1  DRAFT — Drive–GitHub Research Execution Contract — 2026-09-18
      1  DG-MIGRATION-MATH-COMPLETION-20260919-v1.json
      1  DG-MIGRATION-MATH-REGISTRATION-20260919-v1.json
      1  DG-MIGRATION-MATH-20260919-v1.zip
      1  HG-GLOBAL-ENVELOPE-20260919-v1.md

by context:
   3270  RESEARCH_SOURCE_CHECK_STATUS
    535  QUARANTINE_OR_HISTORY
    414  ACCESSIBILITY_READING_COPY
    346  LEGACY_INSPIRATION
    332  OPERATIONS
     19  PERSONAL_EARLIER
     16  FOUNDATION_HISTORY
      2  DRAFT

by access status:
   1941  TEXT_READING_COPY
   1647  DIRECT_NATIVE
    758  FOLDER
    452  CURRENT_METADATA
     76  ARCHIVE_INDEXED
     18  DOCX_NATIVE_CONVERSION
     14  EXACT_TOKEN_TABLE
     10  RAW_SOURCE_SNAPSHOT
      8  EMPTY_NATIVE_BODY
      7  IMAGE_ORIGINAL
      2  BINARY_UNRENDERED
      1  PICKLE_OPCODE_READING

by mime type:
   1968  application/vnd.google-apps.document
    849  text/markdown
    758  application/vnd.google-apps.folder
    458  application/json
    265  text/plain
    136  text/x-python
    118  application/pdf
     94  application/octet-stream
     68  application/zip
     50  text/x-python-script
     39  application/vnd.google-apps.spreadsheet
     38  text/csv
     28  image/png
     20  text/tab-separated-values
     18  application/vnd.openxmlformats-officedocument.wordprocessingml.document
     14  application/gzip
      4  text/html
      3  text/x-sh
      2  text/x-shellscript
      2  text/x-diff
      1  text/x-bibtex
      1  application/x-gzip
