/mnt/agents/output/K3_SIDE24_LB/W2_symbolic/W2_sanity.py:176: RuntimeWarning: overflow encountered in exp
  np.exp(np.sum(2*s*s*what**2/(1 - 2*s*lam)))
PASS | P0.trunc-tail | tail bound 3.11e-35
PASS | P0.moments | mu2=1.000000000000000 mu4=3.000000000000000 mu6=15.000000000000000
PASS | P0.K1(0)=1 | 
PASS | P0.K1''(0)=-mu2 | 
PASS | P0.K1'(0)=0 | 
PASS | P1.S6-psd | min eig 4.384e-01
PASS | P1.f-perp-grad | 
PASS | P1.grad-perp-H | max 0.00e+00
PASS | P1.Cov(f,H)=(-1,-1,0) | 
PASS | P1.H|f = diag(2,2,1) | 
[[2. 0. 0.]
 [0. 2. 0.]
 [0. 0. 1.]]
PASS | P1.Var(grad)=I | 
PASS | P2.E|det|sad|u=0.0 | mc=1.411422 pred=1.414214 se=1.10e-03
PASS | P2.P(det<0|u=0.0) | mc=0.706813 pred=0.707107
PASS | P2.E[det|u=0.0]=u^2-1 | mc=-0.996915 pred=-1.000000
PASS | P2.E|det|sad|u=0.7 | mc=1.251901 pred=1.251163 se=1.07e-03
PASS | P2.P(det<0|u=0.7) | mc=0.625617 pred=0.625582
PASS | P2.E[det|u=0.7]=u^2-1 | mc=-0.511475 pred=-0.510000
PASS | P2.E|det|sad|u=1.2 | mc=0.985663 pred=0.986663 se=9.94e-04
PASS | P2.P(det<0|u=1.2) | mc=0.493423 pred=0.493332
PASS | P2.E[det|u=1.2]=u^2-1 | mc=0.439007 pred=0.440000
PASS | P2.E[e^-T^2/2|m=0.0] | mc=0.70723879 pred=0.70710678
PASS | P2.E[e^-T^2/2|m=-1.2] | mc=0.49359005 pred=0.49333166
PASS | P2.E[e^-T^2/2|m=2.3] | mc=0.18863069 pred=0.18842154
PASS | P2.rho_sad(1.2)~0.030449 | derived=0.030493 vs 0.030449 (rel 1.46e-03)
PASS | P2.max-Eterm(1.2)~1.41350 | derived-mc=1.41379 se=1.1e-03 vs 1.41350
PASS | P2.max-Eterm-quad | quad=1.413626 mc=1.413791
PASS | P2.rho_mx(1.2)~0.043685 | derived=0.043689 vs 0.043685
PART 0-2 done
PASS | P3.E[det]#0 | mc=-3.65783 f=-3.65188
PASS | P3.E[det^2]#0 | mc=42.53693 f=42.44155
PASS | P3.Var[det]#0 | mc=29.15718 f=29.10531
PASS | P3.mgf#0s=-0.05 | mc=1.257923 f=1.257447
PASS | P3.mgf#0s=0.03 | mc=0.906593 f=0.906736
PASS | P3.chernoff>=true#0 | mc=0.8342 ch=1
PASS | P3.bernstein>=true#0 | be=1
PASS | P3.cantelli>=true#0 | ca=1
PASS | P3.chernoff<=bernstein#0 | ch=1 be=1
PASS | P3.min(ch,ca)>=true#0 | 
PASS | P3.E[det]#1 | mc=1.24185 f=1.22637
PASS | P3.E[det^2]#1 | mc=16.06513 f=16.01743
PASS | P3.Var[det]#1 | mc=14.52294 f=14.51343
PASS | P3.mgf#1s=-0.05 | mc=0.957195 f=0.957934
PASS | P3.mgf#1s=0.03 | mc=1.044754 f=1.044263
PASS | P3.chernoff>=true#1 | mc=0.3456 ch=0.9507
PASS | P3.bernstein>=true#1 | be=0.9778
PASS | P3.cantelli>=true#1 | ca=0.9061
PASS | P3.chernoff<=bernstein#1 | ch=0.9507 be=0.9778
PASS | P3.min(ch,ca)>=true#1 | 
PASS | P3.E[det]#2 | mc=-3.77999 f=-3.76399
PASS | P3.E[det^2]#2 | mc=90.72688 f=89.91532
PASS | P3.Var[det]#2 | mc=76.43852 f=75.74772
PASS | P3.mgf#2s=-0.05 | mc=1.405542 f=1.401226
PASS | P3.mgf#2s=0.03 | mc=0.918694 f=0.918938
PASS | P3.chernoff>=true#2 | mc=0.5781 ch=1
PASS | P3.bernstein>=true#2 | be=1
PASS | P3.cantelli>=true#2 | ca=1
PASS | P3.chernoff<=bernstein#2 | ch=1 be=1
PASS | P3.min(ch,ca)>=true#2 | 
PASS | P3.E[det]#3 | mc=-3.34091 f=-3.34323
PASS | P3.E[det^2]#3 | mc=26.78296 f=26.82695
PASS | P3.Var[det]#3 | mc=15.62129 f=15.64978
PASS | P3.mgf#3s=-0.05 | mc=1.206708 f=1.206878
PASS | P3.mgf#3s=0.03 | mc=0.910862 f=0.910811
PASS | P3.chernoff>=true#3 | mc=0.8709 ch=1
PASS | P3.bernstein>=true#3 | be=1
PASS | P3.cantelli>=true#3 | ca=1
PASS | P3.chernoff<=bernstein#3 | ch=1 be=1
PASS | P3.min(ch,ca)>=true#3 | 
PASS | P3.E[det]#4 | mc=-0.85349 f=-0.85179
PASS | P3.E[det^2]#4 | mc=4.06855 f=4.07240
PASS | P3.Var[det]#4 | mc=3.34011 f=3.34685
PASS | P3.mgf#4s=-0.05 | mc=1.048128 f=1.048048
PASS | P3.mgf#4s=0.03 | mc=0.976158 f=0.976210
PASS | P3.chernoff>=true#4 | mc=0.7 ch=1
PASS | P3.bernstein>=true#4 | be=1
PASS | P3.cantelli>=true#4 | ca=1
PASS | P3.chernoff<=bernstein#4 | ch=1 be=1
PASS | P3.min(ch,ca)>=true#4 | 
PASS | P3.E[det]#5 | mc=-7.86031 f=-7.86400
PASS | P3.E[det^2]#5 | mc=144.29966 f=144.71626
PASS | P3.Var[det]#5 | mc=82.51523 f=82.87377
PASS | P3.mgf#5s=-0.05 | mc=1.687643 f=1.689403
PASS | P3.mgf#5s=0.03 | mc=0.816517 f=0.816523
PASS | P3.chernoff>=true#5 | mc=0.8263 ch=1
PASS | P3.bernstein>=true#5 | be=1
PASS | P3.cantelli>=true#5 | ca=1
PASS | P3.chernoff<=bernstein#5 | ch=1 be=1
PASS | P3.min(ch,ca)>=true#5 | 
PASS | P3.globalCS-valid#0 | lhs=0.362 rhs=1.434
PASS | P3.globalCS(min-inside)# 0 | 
PASS | P3.globalCS-valid#1 | lhs=0.1668 rhs=0.9628
PASS | P3.globalCS(min-inside)# 1 | 
PASS | P3.globalCS-valid#2 | lhs=0.5537 rhs=2.104
PASS | P3.globalCS(min-inside)# 2 | 
PASS | P3.globalCS-valid#3 | lhs=0.3361 rhs=1.616
PASS | P3.globalCS(min-inside)# 3 | 
PASS | P3.defective-ineq-FAILS | lhs=1.1188 > defective-rhs=0.6618 (ratio 1.691): dropping inner root invalid
PASS | P3.sidak#0 | mc=0.04718 sidak-lb=0.03556
PASS | P3.sidak#1 | mc=0.03175 sidak-lb=0.02915
PASS | P3.sidak#2 | mc=0.01889 sidak-lb=0.01520
PART 3 done
PASS | P3b.delta>0 | delta=7.0400
PASS | P3b.lower-chain | lhs(mc)=4.065105 >= lb=0.080214 (se 6.0e-03)
PASS | P3b.vertex-min | vertex 0.394710 <= random 0.394921
PASS | P3b.slice-identity | lhs=0.788016 rhs(slice)=0.787226
PART 3b done
PASS | P4.SPP-sym-pd | 
--- horizon probe: v(y) = Var(f(y) | 9 pins) ---
d=1 +x_from_S    y=(+1.012,+0.000)  v=0.020452
d=1 -x_from_M    y=(-1.012,+0.000)  v=0.020449
d=1 +y_from_M    y=(-0.013,+1.000)  v=0.075970
d=1 -y_from_M    y=(-0.013,-1.000)  v=0.076809
d=1 arch_from_M  y=(-0.966,+0.301)  v=0.017699
d=1 origin_d+x   y=(+1.000,+0.000)  v=0.018879
d=1 origin_-x    y=(-1.000,+0.000)  v=0.018876
d=2 +x_from_S    y=(+2.013,+0.000)  v=0.574983
d=2 -x_from_M    y=(-2.013,+0.000)  v=0.574918
d=2 +y_from_M    y=(-0.013,+2.000)  v=0.748635
d=2 -y_from_M    y=(-0.013,-2.000)  v=0.750196
d=2 arch_from_M  y=(-1.920,+0.602)  v=0.557476
d=2 origin_d+x   y=(+2.000,+0.000)  v=0.565245
d=2 origin_-x    y=(-2.000,+0.000)  v=0.565180
d=3 +x_from_S    y=(+3.013,+0.000)  v=0.979665
d=3 -x_from_M    y=(-3.013,+0.000)  v=0.979649
d=3 +y_from_M    y=(-0.013,+3.000)  v=0.992760
d=3 -y_from_M    y=(-0.013,-3.000)  v=0.992859
d=3 arch_from_M  y=(-2.873,+0.903)  v=0.977642
d=3 origin_d+x   y=(+3.000,+0.000)  v=0.978557
d=3 origin_-x    y=(-3.000,+0.000)  v=0.978540
ray +x_from_S    vs=[0.0205,0.5750,0.9797] max-rel-dev=0.136
ray -x_from_M    vs=[0.0204,0.5749,0.9796] max-rel-dev=0.136
ray +y_from_M    vs=[0.0760,0.7486,0.9928] max-rel-dev=3.221
ray -y_from_M    vs=[0.0768,0.7502,0.9929] max-rel-dev=3.267
ray arch_from_M  vs=[0.0177,0.5575,0.9776] max-rel-dev=0.017
ray origin_d+x   vs=[0.0189,0.5652,0.9786] max-rel-dev=0.049
ray origin_-x    vs=[0.0189,0.5652,0.9785] max-rel-dev=0.049
PASS | P4.horizon-match | best ray arch_from_M max-rel-dev 0.017 vs C030 [0.018,0.55,0.976]
PART 4 horizon done
PASS | P4.mu_t | (mu_t-b)/ell = -0.499715906773 vs -0.4999290 (r=0.025, limit const)
mu_t = 1.19999869865649
PASS | P4.SC-psd | min eig 2.074e-05
PASS | P4.twostage=oneshot-mean | maxdiff 2.22e-16
PASS | P4.twostage=oneshot-cov | maxdiff 1.11e-16
Sigma(T,D,C) | pins, grad=0:
 [[ 0.2499143  -0.1364753  -0.12979684]
 [-0.1364753   0.17036659  0.11290078]
 [-0.12979684  0.11290078  0.15540681]]
PASS | P4.TD-correlated-under-pins | |Cov TD|+|Cov TC|+|Cov DC| = 3.792e-01 > 0: isotropic independence destroyed by pins
PASS | P4.TD-indep-unconditional | structure verified in P1 (diag(2,2,1)->diag(1,1,1))
--- DF probe: Var(f(y) | 9 pins, grad f(y)=0) ---
d=1 v_grad=0.000417 (target 0.001)
d=2 v_grad=0.285202 (target 0.278)
d=3 v_grad=0.975186 (target 0.974)
DF-row max-rel-dev = 0.583 (best ray arch_from_M)
PASS | P4.DF-probe-recorded | DF rel-dev 0.583
probe y=(1.0, 0.3): muF=1.42940 sF=0.02570 mH=[-1.6589 -3.0287 -0.41  ]
pG0=0.0467 E[det]=4.78 Var=5.048 E[det^2]=27.9
P(window)=2.029e-22  P(det<0): chernoff<=0.0728 bern<=0.438 cantelli<=0.181
UB_global = 3.513e-12
UB_slice = 5.043e-23  (<= global 3.513e-12: True)
PASS | P4.globalCS-conditioned | lhs=0.00684 rhs=5.28188
(info) defective rhs sqrt(E2)*PWw = 5.28188 vs lhs 0.00684

============================================================
ALL CHECKS PASSED
